[    0.000000] Initializing cgroup subsys cpuset
[    0.000000] Initializing cgroup subsys cpu
[    0.000000] Initializing cgroup subsys cpuacct
[    0.000000] Linux version 4.4.0-112-generic (buildd@lgw01-amd64-010) (gcc version 5.4.0 20160609 (Ubuntu 5.4.0-6ubuntu1~16.04.5) ) #135-Ubuntu SMP Fri Jan 19 11:48:36 UTC 2018 (Ubuntu 4.4.0-112.135-generic 4.4.98)
[    0.000000] Command line: BOOT_IMAGE=/boot/vmlinuz-4.4.0-112-generic root=LABEL=cloudimg-rootfs ro console=tty1 console=ttyS0
[    0.000000] KERNEL supported cpus:
[    0.000000]   Intel GenuineIntel
[    0.000000]   AMD AuthenticAMD
[    0.000000]   Centaur CentaurHauls
[    0.000000] x86/fpu: Legacy x87 FPU detected.
[    0.000000] x86/fpu: Using 'lazy' FPU context switches.
[    0.000000] e820: BIOS-provided physical RAM map:
[    0.000000] BIOS-e820: [mem 0x0000000000000000-0x000000000009fbff] usable
[    0.000000] BIOS-e820: [mem 0x000000000009fc00-0x000000000009ffff] reserved
[    0.000000] BIOS-e820: [mem 0x00000000000f0000-0x00000000000fffff] reserved
[    0.000000] BIOS-e820: [mem 0x0000000000100000-0x000000003ffeffff] usable
[    0.000000] BIOS-e820: [mem 0x000000003fff0000-0x000000003fffffff] ACPI data
[    0.000000] BIOS-e820: [mem 0x00000000fffc0000-0x00000000ffffffff] reserved
[    0.000000] NX (Execute Disable) protection: active
[    0.000000] SMBIOS 2.5 present.
[    0.000000] e820: last_pfn = 0x3fff0 max_arch_pfn = 0x400000000
[    0.000000] MTRR: Disabled
[    0.000000] x86/PAT: MTRRs disabled, skipping PAT initialization too.
[    0.000000] CPU MTRRs all blank - virtualized system.
[    0.000000] x86/PAT: Configuration [0-7]: WB  WT  UC- UC  WB  WT  UC- UC  
[    0.000000] found SMP MP-table at [mem 0x0009fff0-0x0009ffff] mapped at [ffff88000009fff0]
[    0.000000] Scanning 1 areas for low memory corruption
[    0.000000] RAMDISK: [mem 0x36acc000-0x3755dfff]
[    0.000000] ACPI: Early table checksum verification disabled
[    0.000000] ACPI: RSDP 0x00000000000E0000 000024 (v02 VBOX  )
[    0.000000] ACPI: XSDT 0x000000003FFF0030 00003C (v01 VBOX   VBOXXSDT 00000001 ASL  00000061)
[    0.000000] ACPI: FACP 0x000000003FFF00F0 0000F4 (v04 VBOX   VBOXFACP 00000001 ASL  00000061)
[    0.000000] ACPI: DSDT 0x000000003FFF0470 001B96 (v01 VBOX   VBOXBIOS 00000002 INTL 20100528)
[    0.000000] ACPI: FACS 0x000000003FFF0200 000040
[    0.000000] ACPI: FACS 0x000000003FFF0200 000040
[    0.000000] ACPI: APIC 0x000000003FFF0240 00005C (v02 VBOX   VBOXAPIC 00000001 ASL  00000061)
[    0.000000] ACPI: SSDT 0x000000003FFF02A0 0001CC (v01 VBOX   VBOXCPUT 00000002 INTL 20100528)
[    0.000000] No NUMA configuration found
[    0.000000] Faking a node at [mem 0x0000000000000000-0x000000003ffeffff]
[    0.000000] NODE_DATA(0) allocated [mem 0x3ffeb000-0x3ffeffff]
[    0.000000] Zone ranges:
[    0.000000]   DMA      [mem 0x0000000000001000-0x0000000000ffffff]
[    0.000000]   DMA32    [mem 0x0000000001000000-0x000000003ffeffff]
[    0.000000]   Normal   empty
[    0.000000]   Device   empty
[    0.000000] Movable zone start for each node
[    0.000000] Early memory node ranges
[    0.000000]   node   0: [mem 0x0000000000001000-0x000000000009efff]
[    0.000000]   node   0: [mem 0x0000000000100000-0x000000003ffeffff]
[    0.000000] Initmem setup node 0 [mem 0x0000000000001000-0x000000003ffeffff]
[    0.000000] ACPI: PM-Timer IO Port: 0x4008
[    0.000000] IOAPIC[0]: apic_id 2, version 17, address 0xfec00000, GSI 0-23
[    0.000000] ACPI: INT_SRC_OVR (bus 0 bus_irq 0 global_irq 2 dfl dfl)
[    0.000000] ACPI: INT_SRC_OVR (bus 0 bus_irq 9 global_irq 9 high level)
[    0.000000] Using ACPI (MADT) for SMP configuration information
[    0.000000] smpboot: Allowing 2 CPUs, 0 hotplug CPUs
[    0.000000] PM: Registered nosave memory: [mem 0x00000000-0x00000fff]
[    0.000000] PM: Registered nosave memory: [mem 0x0009f000-0x0009ffff]
[    0.000000] PM: Registered nosave memory: [mem 0x000a0000-0x000effff]
[    0.000000] PM: Registered nosave memory: [mem 0x000f0000-0x000fffff]
[    0.000000] e820: [mem 0x40000000-0xfffbffff] available for PCI devices
[    0.000000] Booting paravirtualized kernel on bare hardware
[    0.000000] clocksource: refined-jiffies: mask: 0xffffffff max_cycles: 0xffffffff, max_idle_ns: 7645519600211568 ns
[    0.000000] setup_percpu: NR_CPUS:512 nr_cpumask_bits:512 nr_cpu_ids:2 nr_node_ids:1
[    0.000000] PERCPU: Embedded 34 pages/cpu @ffff88003fc00000 s99544 r8192 d31528 u1048576
[    0.000000] Built 1 zonelists in Node order, mobility grouping on.  Total pages: 257913
[    0.000000] Policy zone: DMA32
[    0.000000] Kernel command line: BOOT_IMAGE=/boot/vmlinuz-4.4.0-112-generic root=LABEL=cloudimg-rootfs ro console=tty1 console=ttyS0
[    0.000000] PID hash table entries: 4096 (order: 3, 32768 bytes)
[    0.000000] Memory: 1001744K/1048120K available (8499K kernel code, 1309K rwdata, 3988K rodata, 1508K init, 1316K bss, 46376K reserved, 0K cma-reserved)
[    0.000000] SLUB: HWalign=64, Order=0-3, MinObjects=0, CPUs=2, Nodes=1
[    0.000000] Kernel/User page tables isolation: enabled
[    0.000000] Hierarchical RCU implementation.
[    0.000000] 	Build-time adjustment of leaf fanout to 64.
[    0.000000] 	RCU restricting CPUs from NR_CPUS=512 to nr_cpu_ids=2.
[    0.000000] RCU: Adjusting geometry for rcu_fanout_leaf=64, nr_cpu_ids=2
[    0.000000] NR_IRQS:33024 nr_irqs:440 16
[    0.000000] Console: colour VGA+ 80x25
[    0.000000] console [tty1] enabled
[    0.000000] console [ttyS0] enabled
[    0.000000] tsc: Unable to calibrate against PIT
[    0.000000] tsc: using PMTIMER reference calibration
[    0.000000] tsc: Detected 1986.780 MHz processor
[    0.024308] Calibrating delay loop (skipped), value calculated using timer frequency.. 3973.56 BogoMIPS (lpj=7947120)
[    0.032041] pid_max: default: 32768 minimum: 301
[    0.035116] ACPI: Core revision 20150930
[    0.040616] ACPI: 2 ACPI AML tables successfully acquired and loaded
[    0.045268] Security Framework initialized
[    0.048058] Yama: becoming mindful.
[    0.052183] AppArmor: AppArmor initialized
[    0.055208] Dentry cache hash table entries: 131072 (order: 8, 1048576 bytes)
[    0.060280] Inode-cache hash table entries: 65536 (order: 7, 524288 bytes)
[    0.064575] Mount-cache hash table entries: 2048 (order: 2, 16384 bytes)
[    0.068048] Mountpoint-cache hash table entries: 2048 (order: 2, 16384 bytes)
[    0.073297] Initializing cgroup subsys io
[    0.076047] Initializing cgroup subsys memory
[    0.080054] Initializing cgroup subsys devices
[    0.084043] Initializing cgroup subsys freezer
[    0.086952] Initializing cgroup subsys net_cls
[    0.088050] Initializing cgroup subsys perf_event
[    0.092045] Initializing cgroup subsys net_prio
[    0.096049] Initializing cgroup subsys hugetlb
[    0.100034] Initializing cgroup subsys pids
[    0.103168] FEATURE SPEC_CTRL Not Present
[    0.104038] CPU: Physical Processor ID: 0
[    0.108033] CPU: Processor Core ID: 0
[    0.112055] mce: CPU supports 0 MCE banks
[    0.114992] Last level iTLB entries: 4KB 128, 2MB 4, 4MB 4
[    0.116033] Last level dTLB entries: 4KB 256, 2MB 0, 4MB 32, 1GB 0
[    0.133773] Freeing SMP alternatives memory: 32K
[    0.181173] ftrace: allocating 32180 entries in 126 pages
[    0.200335] smpboot: APIC(0) Converting physical 0 to logical package 0
[    0.204035] smpboot: Max logical packages: 1
[    0.214456] ..TIMER: vector=0x30 apic1=0 pin1=2 apic2=-1 pin2=-1
[    0.260000] smpboot: CPU0: Intel(R) Xeon(R) CPU           L5335  @ 2.00GHz (family: 0x6, model: 0xf, stepping: 0xb)
[    0.261701] Performance Events: unsupported p6 CPU model 15 no PMU driver, software events only.
[    0.273585] NMI watchdog: disabled (cpu0): hardware events not enabled
[    0.276020] NMI watchdog: Shutting down hard lockup detector on all cpus
[    0.280466] x86: Booting SMP configuration:
[    0.284025] .... node  #0, CPUs:      #1
[    0.028000] mce: CPU supports 0 MCE banks
[    0.348256] x86: Booted up 1 node, 2 CPUs
[    0.352027] smpboot: Total of 2 processors activated (7947.12 BogoMIPS)
[    0.356869] devtmpfs: initialized
[    0.365368] evm: security.selinux
[    0.367891] evm: security.SMACK64
[    0.368020] evm: security.SMACK64EXEC
[    0.372023] evm: security.SMACK64TRANSMUTE
[    0.376020] evm: security.SMACK64MMAP
[    0.378700] evm: security.ima
[    0.380019] evm: security.capability
[    0.384260] clocksource: jiffies: mask: 0xffffffff max_cycles: 0xffffffff, max_idle_ns: 7645041785100000 ns
[    0.388100] futex hash table entries: 512 (order: 3, 32768 bytes)
[    0.392419] pinctrl core: initialized pinctrl subsystem
[    0.396503] RTC time:  5:42:07, date: 02/18/18
[    0.405190] NET: Registered protocol family 16
[    0.420040] cpuidle: using governor ladder
[    0.432039] cpuidle: using governor menu
[    0.435269] PCCT header not found.
[    0.440447] ACPI: bus type PCI registered
[    0.440938] acpiphp: ACPI Hot Plug PCI Controller Driver version: 0.5
[    0.444274] PCI: Using configuration type 1 for base access
[    0.492422] ACPI: Added _OSI(Module Device)
[    0.494735] ACPI: Added _OSI(Processor Device)
[    0.496027] ACPI: Added _OSI(3.0 _SCP Extensions)
[    0.500020] ACPI: Added _OSI(Processor Aggregator Device)
[    0.505653] ACPI: Executed 1 blocks of module-level executable AML code
[    0.515574] ACPI: Interpreter enabled
[    0.516036] ACPI: (supports S0 S5)
[    0.520021] ACPI: Using IOAPIC for interrupt routing
[    0.524345] PCI: Using host bridge windows from ACPI; if necessary, use "pci=nocrs" and report a bug
[    0.534900] ACPI: PCI Root Bridge [PCI0] (domain 0000 [bus 00-ff])
[    0.536030] acpi PNP0A03:00: _OSC: OS supports [ASPM ClockPM Segments MSI]
[    0.540029] acpi PNP0A03:00: _OSC failed (AE_NOT_FOUND); disabling ASPM
[    0.544047] acpi PNP0A03:00: fail to add MMCONFIG information, can't access extended PCI configuration space under this bridge.
[    0.548498] PCI host bridge to bus 0000:00
[    0.552023] pci_bus 0000:00: root bus resource [io  0x0000-0x0cf7 window]
[    0.556022] pci_bus 0000:00: root bus resource [io  0x0d00-0xffff window]
[    0.560030] pci_bus 0000:00: root bus resource [mem 0x000a0000-0x000bffff window]
[    0.568050] pci_bus 0000:00: root bus resource [mem 0x40000000-0xffdfffff window]
[    0.572027] pci_bus 0000:00: root bus resource [bus 00-ff]
[    0.580260] pci 0000:00:01.1: legacy IDE quirk: reg 0x10: [io  0x01f0-0x01f7]
[    0.584025] pci 0000:00:01.1: legacy IDE quirk: reg 0x14: [io  0x03f6]
[    0.588023] pci 0000:00:01.1: legacy IDE quirk: reg 0x18: [io  0x0170-0x0177]
[    0.592022] pci 0000:00:01.1: legacy IDE quirk: reg 0x1c: [io  0x0376]
[    0.689098] ACPI: PCI Interrupt Link [LNKA] (IRQs 5 9 10 11) *0, disabled.
[    0.695865] ACPI: PCI Interrupt Link [LNKB] (IRQs 5 9 10 *11)
[    0.701234] ACPI: PCI Interrupt Link [LNKC] (IRQs 5 9 *10 11)
[    0.707227] ACPI: PCI Interrupt Link [LNKD] (IRQs 5 *9 10 11)
[    0.712333] ACPI: Enabled 1 GPEs in block 00 to 07
[    0.729468] vgaarb: setting as boot device: PCI:0000:00:02.0
[    0.731681] vgaarb: device added: PCI:0000:00:02.0,decodes=io+mem,owns=io+mem,locks=none
[    0.732029] vgaarb: loaded
[    0.734683] vgaarb: bridge control possible 0000:00:02.0
[    0.737069] SCSI subsystem initialized
[    0.752166] ACPI: bus type USB registered
[    0.753732] usbcore: registered new interface driver usbfs
[    0.756231] usbcore: registered new interface driver hub
[    0.764065] usbcore: registered new device driver usb
[    0.770669] PCI: Using ACPI for IRQ routing
[    0.773178] NetLabel: Initializing
[    0.776035] NetLabel:  domain hash size = 128
[    0.780019] NetLabel:  protocols = UNLABELED CIPSOv4
[    0.783318] NetLabel:  unlabeled traffic allowed by default
[    0.804781] amd_nb: Cannot enumerate AMD northbridges
[    0.808189] clocksource: Switched to clocksource refined-jiffies
[    0.837601] AppArmor: AppArmor Filesystem Enabled
[    0.840191] pnp: PnP ACPI init
[    0.844679] pnp: PnP ACPI: found 4 devices
[    0.901788] clocksource: acpi_pm: mask: 0xffffff max_cycles: 0xffffff, max_idle_ns: 2085701024 ns
[    0.915949] clocksource: Switched to clocksource acpi_pm
[    0.918985] NET: Registered protocol family 2
[    0.922980] TCP established hash table entries: 8192 (order: 4, 65536 bytes)
[    0.927056] TCP bind hash table entries: 8192 (order: 5, 131072 bytes)
[    0.928003] TCP: Hash tables configured (established 8192 bind 8192)
[    0.933925] UDP hash table entries: 512 (order: 2, 16384 bytes)
[    0.935925] UDP-Lite hash table entries: 512 (order: 2, 16384 bytes)
[    0.939932] NET: Registered protocol family 1
[    0.943927] pci 0000:00:00.0: Limiting direct PCI/PCI transfers
[    0.947953] pci 0000:00:01.0: Activating ISA DMA hang workarounds
[    0.953494] Unpacking initramfs...
[    4.035464] Freeing initrd memory: 10824K
[    4.039416] platform rtc_cmos: registered platform RTC device (no PNP device found)
[    4.059011] Scanning for low memory corruption every 60 seconds
[    4.091629] audit: initializing netlink subsys (disabled)
[    4.095408] audit: type=2000 audit(1518932530.091:1): initialized
[    4.100539] Initialise system trusted keyring
[    4.135074] HugeTLB registered 2 MB page size, pre-allocated 0 pages
[    4.143206] zbud: loaded
[    4.146286] VFS: Disk quotas dquot_6.6.0
[    4.148388] VFS: Dquot-cache hash table entries: 512 (order 0, 4096 bytes)
[    4.152386] squashfs: version 4.0 (2009/01/31) Phillip Lougher
[    4.157513] fuse init (API version 7.23)
[    4.167431] Key type big_key registered
[    4.170644] Allocating IMA MOK and blacklist keyrings.
[    4.183279] Key type asymmetric registered
[    4.186165] Asymmetric key parser 'x509' registered
[    4.189499] Block layer SCSI generic (bsg) driver version 0.4 loaded (major 249)
[    4.194952] io scheduler noop registered
[    4.197779] io scheduler deadline registered (default)
[    4.201273] io scheduler cfq registered
[    4.204297] pci_hotplug: PCI Hot Plug PCI Core version: 0.5
[    4.208825] pciehp: PCI Express Hot Plug Controller Driver version: 0.4
[    4.213224] ACPI: AC Adapter [AC] (on-line)
[    4.216296] input: Power Button as /devices/LNXSYSTM:00/LNXPWRBN:00/input/input0
[    4.221359] ACPI: Power Button [PWRF]
[    4.224231] input: Sleep Button as /devices/LNXSYSTM:00/LNXSLPBN:00/input/input1
[    4.230160] ACPI: Sleep Button [SLPF]
[    4.233566] GHES: HEST is not enabled!
[    4.236686] Serial: 8250/16550 driver, 32 ports, IRQ sharing enabled
[    4.264965] 00:03: ttyS0 at I/O 0x3f8 (irq = 4, base_baud = 115200) is a 16550A
[    4.290110] Linux agpgart interface v0.103
[    4.303406] loop: module loaded
[    4.308309] scsi host0: ata_piix
[    4.321131] scsi host1: ata_piix
[    4.323074] ata1: PATA max UDMA/33 cmd 0x1f0 ctl 0x3f6 bmdma 0xd000 irq 14
[    4.329405] ata2: PATA max UDMA/33 cmd 0x170 ctl 0x376 bmdma 0xd008 irq 15
[    4.337698] libphy: Fixed MDIO Bus: probed
[    4.338967] tun: Universal TUN/TAP device driver, 1.6
[    4.340878] tun: (C) 1999-2004 Max Krasnyansky <maxk@qualcomm.com>
[    4.345328] PPP generic driver version 2.4.2
[    4.348907] ehci_hcd: USB 2.0 'Enhanced' Host Controller (EHCI) Driver
[    4.353085] ehci-pci: EHCI PCI platform driver
[    4.356229] ehci-platform: EHCI generic platform driver
[    4.359624] ohci_hcd: USB 1.1 'Open' Host Controller (OHCI) Driver
[    4.363723] ohci-pci: OHCI PCI platform driver
[    4.366739] ohci-platform: OHCI generic platform driver
[    4.370245] uhci_hcd: USB Universal Host Controller Interface driver
[    4.374416] i8042: PNP: PS/2 Controller [PNP0303:PS2K,PNP0f03:PS2M] at 0x60,0x64 irq 1,12
[    4.493727] ata2.00: ATAPI: VBOX CD-ROM, 1.0, max UDMA/133
[    4.502420] ata2.00: configured for UDMA/33
[    5.101814] tsc: Refined TSC clocksource calibration: 1986.823 MHz
[    5.104202] serio: i8042 KBD port at 0x60,0x64 irq 1
[    5.104229] serio: i8042 AUX port at 0x60,0x64 irq 12
[    5.104594] mousedev: PS/2 mouse device common for all mice
[    5.105528] rtc_cmos rtc_cmos: rtc core: registered rtc_cmos as rtc0
[    5.105698] rtc_cmos rtc_cmos: alarms up to one day, 114 bytes nvram
[    5.105716] i2c /dev entries driver
[    5.105860] device-mapper: uevent: version 1.0.3
[    5.106120] device-mapper: ioctl: 4.34.0-ioctl (2015-10-28) initialised: dm-devel@redhat.com
[    5.106210] ledtrig-cpu: registered to indicate activity on CPUs
[    5.106342] scsi 1:0:0:0: CD-ROM            VBOX     CD-ROM           1.0  PQ: 0 ANSI: 5
[    5.107640] NET: Registered protocol family 10
[    5.108410] NET: Registered protocol family 17
[    5.108454] Key type dns_resolver registered
[    5.109662] microcode: CPU0 sig=0x6fb, pf=0x1, revision=0x0
[    5.109756] microcode: CPU1 sig=0x6fb, pf=0x1, revision=0x0
[    5.109856] microcode: Microcode Update Driver: v2.01 <tigran@aivazian.fsnet.co.uk>, Peter Oruba
[    5.110310] registered taskstats version 1
[    5.110349] Loading compiled-in X.509 certificates
[    5.113391] Loaded X.509 cert 'Build time autogenerated kernel key: 4c603087bab8f0a02cb3b4e1fb4c40f507e71ef1'
[    5.113464] zswap: loaded using pool lzo/zbud
[    5.132572] input: AT Translated Set 2 keyboard as /devices/platform/i8042/serio0/input/input2
[    5.175910] Key type trusted registered
[    5.188606] sr 1:0:0:0: [sr0] scsi3-mmc drive: 32x/32x xa/form2 tray
[    5.188643] cdrom: Uniform CD-ROM driver Revision: 3.20
[    5.189416] sr 1:0:0:0: Attached scsi generic sg0 type 5
[    5.211686] clocksource: tsc: mask: 0xffffffffffffffff max_cycles: 0x39471d3f6bc, max_idle_ns: 881590535296 ns
[    5.307622] Key type encrypted registered
[    5.310565] AppArmor: AppArmor sha1 policy hashing enabled
[    5.314531] ima: No TPM chip found, activating TPM-bypass!
[    5.318341] evm: HMAC attrs: 0x1
[    5.388366]   Magic number: 6:539:719
[    5.394891] rtc_cmos rtc_cmos: setting system clock to 2018-02-18 05:42:12 UTC (1518932532)
[    5.401456] BIOS EDD facility v0.16 2004-Jun-25, 0 devices found
[    5.415593] EDD information not available.
[    5.441214] Freeing unused kernel memory: 1508K
[    5.444938] Write protecting the kernel read-only data: 14336k
[    5.453235] Freeing unused kernel memory: 1728K
[    5.458717] Freeing unused kernel memory: 108K
Loading, please wait...
starting version 229
[    6.051927] random: systemd-udevd: uninitialized urandom read (16 bytes read, 4 bits of entropy available)
[    6.071044] random: systemd-udevd: uninitialized urandom read (16 bytes read, 4 bits of entropy available)
[    6.077545] random: systemd-udevd: uninitialized urandom read (16 bytes read, 4 bits of entropy available)
[    6.081297] random: udevadm: uninitialized urandom read (16 bytes read, 4 bits of entropy available)
[    6.081610] random: udevadm: uninitialized urandom read (16 bytes read, 4 bits of entropy available)
[    6.115035] random: systemd-udevd: uninitialized urandom read (16 bytes read, 4 bits of entropy available)
[    6.259386] clocksource: Switched to clocksource tsc
[    6.298263] random: systemd-udevd: uninitialized urandom read (16 bytes read, 4 bits of entropy available)
[    6.304311] random: systemd-udevd: uninitialized urandom read (16 bytes read, 4 bits of entropy available)
[    6.311061] random: systemd-udevd: uninitialized urandom read (16 bytes read, 4 bits of entropy available)
[    6.323341] random: systemd-udevd: uninitialized urandom read (16 bytes read, 4 bits of entropy available)
[    7.195961] Fusion MPT base driver 3.04.20
[    7.210749] Copyright (c) 1999-2008 LSI Corporation
[    7.375437] e1000: Intel(R) PRO/1000 Network Driver - version 7.3.21-k8-NAPI
[    7.385443] e1000: Copyright (c) 1999-2006 Intel Corporation.
[    7.499321] Fusion MPT SPI Host driver 3.04.20
[    7.656187] input: ImExPS/2 Generic Explorer Mouse as /devices/platform/i8042/serio1/input/input5
[    8.324964] e1000 0000:00:03.0 eth0: (PCI:33MHz:32-bit) 02:66:2d:c5:e5:fb
[    8.490818] e1000 0000:00:03.0 eth0: Intel(R) PRO/1000 Network Connection
[    8.503166] mptbase: ioc0: Initiating bringup
[    8.505274] e1000 0000:00:03.0 enp0s3: renamed from eth0
[    8.799539] ioc0: LSI53C1030 A0: Capabilities={Initiator}
[    9.446000] scsi host2: ioc0: LSI53C1030 A0, FwRev=00000000h, Ports=1, MaxQ=256, IRQ=20
[    9.694724] scsi 2:0:0:0: Direct-Access     VBOX     HARDDISK         1.0  PQ: 0 ANSI: 5
[    9.722048] scsi target2:0:0: Beginning Domain Validation
[    9.753864] scsi target2:0:0: Domain Validation skipping write tests
[    9.885477] scsi target2:0:0: Ending Domain Validation
[   10.012196] scsi target2:0:0: asynchronous
[   10.161562] floppy0: no floppy controllers found
[   10.400360] scsi 2:0:1:0: Direct-Access     VBOX     HARDDISK         1.0  PQ: 0 ANSI: 5
[   10.440533] scsi target2:0:1: Beginning Domain Validation
[   10.475228] scsi target2:0:1: Domain Validation skipping write tests
[   10.575488] scsi target2:0:1: Ending Domain Validation
[   10.633898] scsi target2:0:1: asynchronous
[   10.700473] sd 2:0:0:0: Attached scsi generic sg1 type 0
[   10.930620] sd 2:0:0:0: [sda] 20971520 512-byte logical blocks: (10.7 GB/10.0 GiB)
[   10.937122] sd 2:0:0:0: [sda] Write Protect is off
[   10.948154] sd 2:0:0:0: [sda] Incomplete mode parameter data
[   10.958362] sd 2:0:0:0: [sda] Assuming drive cache: write through
[   10.960394] sd 2:0:1:0: Attached scsi generic sg2 type 0
[   10.987207] sd 2:0:1:0: [sdb] 20480 512-byte logical blocks: (10.5 MB/10.0 MiB)
[   10.992820]  sda: sda1
[   10.993826] sd 2:0:0:0: [sda] Attached SCSI disk
[   11.041412] sd 2:0:1:0: [sdb] Write Protect is off
[   11.045965] sd 2:0:1:0: [sdb] Incomplete mode parameter data
[   11.050420] sd 2:0:1:0: [sdb] Assuming drive cache: write through
[   11.084834] sd 2:0:1:0: [sdb] Attached SCSI disk
Begin: Loading essential drivers[   15.287985] md: linear personality registered for level -1
 ... [   15.367132] md: multipath personality registered for level -4
[   15.411923] md: raid0 personality registered for level 0
[   15.479359] md: raid1 personality registered for level 1
[   15.624129] raid6: sse2x1   gen()  2632 MB/s
[   15.832168] raid6: sse2x1   xor()  3079 MB/s
[   15.976117] raid6: sse2x2   gen()  4015 MB/s
[   16.068176] raid6: sse2x2   xor()  1407 MB/s
[   16.212104] raid6: sse2x4   gen()  5587 MB/s
[   16.376114] raid6: sse2x4   xor()  4219 MB/s
[   16.529009] raid6: using algorithm sse2x4 gen() 5587 MB/s
[   16.714650] raid6: .... xor() 4219 MB/s, rmw enabled
[   16.834450] raid6: using ssse3x2 recovery algorithm
[   16.967030] xor: measuring software checksum speed
[   17.025000]    prefetch64-sse: 19391.000 MB/sec
[   17.121049]    generic_sse:  6934.000 MB/sec
[   17.162535] xor: using function: prefetch64-sse (19391.000 MB/sec)
[   17.283611] async_tx: api initialized (async)
[   17.541050] md: raid6 personality registered for level 6
[   17.545057] md: raid5 personality registered for level 5
[   17.547632] md: raid4 personality registered for level 4
[   17.714651] md: raid10 personality registered for level 10
done.
Begin: Running /scripts/init-premount ... done.
Begin: Mounting root file system ... Begin: Running /scripts/local-top ... done.
Begin: Running /scripts/local-pr[   18.108494] Btrfs loaded
emount ... Scanning for Btrfs filesystems
done.
Warning: fsck not present, so sk[   18.730224] EXT4-fs (sda1): mounted filesystem with ordered data mode. Opts: (null)
ipping root file system
done.
Begin: Running /scripts/local-bottom ... done.
Begin: Running /scripts/init-bottom ... [   19.689932] random: nonblocking pool is initialized
done.
[   21.361388] systemd[1]: systemd 229 running in system mode. (+PAM +AUDIT +SELINUX +IMA +APPARMOR +SMACK +SYSVINIT +UTMP +LIBCRYPTSETUP +GCRYPT +GNUTLS +ACL +XZ -LZ4 +SECCOMP +BLKID +ELFUTILS +KMOD -IDN)
[   21.505498] systemd[1]: Detected virtualization oracle.
[   21.670442] systemd[1]: Detected architecture x86-64.

Welcome to [1mUbuntu 16.04.3 LTS[0m!

[   21.849438] systemd[1]: Set hostname to <ubuntu>.
[   21.882434] systemd[1]: Initializing machine ID from random generator.
[   21.895191] systemd[1]: Installed transient /etc/machine-id file.
[   24.056375] systemd[1]: Listening on Syslog Socket.
[[0;32m  OK  [0m] Listening on Syslog Socket.
[   24.216544] systemd[1]: Created slice System Slice.
[[0;32m  OK  [0m] Created slice System Slice.
[   24.239116] systemd[1]: Started Forward Password Requests to Wall Directory Watch.
[[0;32m  OK  [0m] Started Forward Password Requests to Wall Directory Watch.
[   24.250108] systemd[1]: Reached target User and Group Name Lookups.
[[0;32m  OK  [0m] Reached target User and Group Name Lookups.
[   24.270677] systemd[1]: Set up automount Arbitrary Executable File Formats File System Automount Point.
[[0;32m  OK  [0m] Set up automount Arbitrary Executab...ats File System Automount Point.
[   24.283560] systemd[1]: Listening on /dev/initctl Compatibility Named Pipe.
[[0;32m  OK  [0m] Listening on /dev/initctl Compatibility Named Pipe.
[   24.304242] systemd[1]: Reached target Encrypted Volumes.
[[0;32m  OK  [0m] Reached target Encrypted Volumes.
[   24.328418] systemd[1]: Created slice User and Session Slice.
[[0;32m  OK  [0m] Created slice User and Session Slice.
[   24.337893] systemd[1]: Listening on LVM2 metadata daemon socket.
[[0;32m  OK  [0m] Listening on LVM2 metadata daemon socket.
[   24.363582] systemd[1]: Listening on udev Kernel Socket.
[[0;32m  OK  [0m] Listening on udev Kernel Socket.
[   24.373291] systemd[1]: Listening on Device-mapper event daemon FIFOs.
[[0;32m  OK  [0m] Listening on Device-mapper event daemon FIFOs.
[   24.391768] systemd[1]: Listening on Journal Audit Socket.
[[0;32m  OK  [0m] Listening on Journal Audit Socket.
[   24.412161] systemd[1]: Listening on Journal Socket.
[[0;32m  OK  [0m] Listening on Journal Socket.
[   24.473239] systemd[1]: Starting Set console keymap...
         Starting Set console keymap...
[   24.657511] systemd[1]: Starting Remount Root and Kernel File Systems...
         Starting Remount Root and Kernel File Systems...
[   24.730566] systemd[1]: Starting Uncomplicated firewall...
         Starting Uncomplicated firewall...
[   24.842712] EXT4-fs (sda1): re-mounted. Opts: (null)
[   24.979261] systemd[1]: Starting Load Kernel Modules...
         Starting Load Kernel Modules...
[   25.165401] systemd[1]: Mounting Debug File System...
         Mounting Debug File System...
[   25.249081] systemd[1]: Mounting POSIX Message Queue File System...
         Mounting POSIX Message Queue File System...
[   25.394814] systemd[1]: Mounting Huge Pages File System...
         Mounting Huge Pages File System...
[   25.513714] Loading iSCSI transport class v2.0-870.
[   25.548955] systemd[1]: Starting Nameserver information manager...
         Starting Nameserver inf[   25.749582] iscsi: registered transport (tcp)
ormation manager...
[   25.906577] systemd[1]: Starting Create list of required static device nodes for the current kernel...
         Starting Create list of required st... nodes for the current kernel...
[   25.974059] systemd[1]: Reached target Swap.
[[0;32m  OK  [0m] Reached target Swap.
[   26.018961] systemd[1]: Starting Monitoring of LVM2 mirrors, snapshots etc. using dmeventd or progress polling...
         Starting Monitoring of LVM2 mirrors... dmeventd or progress polling...
[   26.045922] systemd[1]: Listening on udev Control Socket.
[[0;32m  OK  [0m] Listening on udev Control Socket.
[   26.299830] systemd[1]: Listening on LVM2 poll daemon socket.
[[0;32m  OK  [0m] Listening on LVM2 poll daemon socket.
[   26.453337] systemd[1]: Listening on Journal Socket (/dev/log).
[[0;32m  OK  [0m] Listening on Journal Socket (/dev/log).
[   26.575835] systemd[1]: Starting Journal Service...
         Starting Journal Service...
[   26.619086] systemd[1]: Reached target Slices.
[   26.643087] iscsi: registered transport (iser)
[[0;32m  OK  [0m] Reached target Slices.
[   26.685742] systemd[1]: Created slice system-serial\x2dgetty.slice.
[[0;32m  OK  [0m] Created slice system-serial\x2dgetty.slice.
[   26.710720] systemd[1]: Started Trigger resolvconf update for networkd DNS.
[[0;32m  OK  [0m] Started Trigger resolvconf update for networkd DNS.
[   26.798352] systemd[1]: Mounted POSIX Message Queue File System.
[[0;32m  OK  [0m] Mounted POSIX Message Queue File System.
[   26.816780] systemd[1]: Mounted Debug File System.
[[0;32m  OK  [0m] Mounted Debug File System.
[   26.833584] systemd[1]: Mounted Huge Pages File System.
[[0;32m  OK  [0m] Mounted Huge Pages File System.
[   26.871041] systemd[1]: Started Set console keymap.
[[0;32m  OK  [0m] Started Set console keymap.
[   26.899022] systemd[1]: Started Remount Root and Kernel File Systems.
[[0;32m  OK  [0m] Started Remount Root and Kernel File Systems.
[   26.923474] systemd[1]: Started Uncomplicated firewall.
[[0;32m  OK  [0m] Started Uncomplicated firewall.
[   27.038121] systemd[1]: Started Load Kernel Modules.
[[0;32m  OK  [0m] Started Load Kernel Modules.
[   27.143261] systemd[1]: Started Create list of required static device nodes for the current kernel.
[[0;32m  OK  [0m] Started Create list of required sta...ce nodes for the current kernel.
[   27.257465] systemd[1]: Started Journal Service.
[[0;32m  OK  [0m] Started Journal Service.
[[0;32m  OK  [0m] Started Nameserver information manager.
[[0;32m  OK  [0m] Started LVM2 metadata daemon.
         Starting Create Static Device Nodes in /dev...
         Starting Apply Kernel Variables...
         Mounting FUSE Control File System...
         Starting Flush Journal to Persistent Storage...
         Starting Initial cloud-init job (pre-networking)...
         Starting udev Coldplug all Devices...
         Starting Load/Save Random Seed...
[[0;32m  OK  [0m] Mounted FUSE Control File System.
[[0;32m  OK  [0m] Started Apply Kernel Variables.
[[0;32m  OK  [0m] Started Create Static Device Nodes in /dev.
[[0;32m  OK  [0m] Started Load/Save Random Seed.
         Starting udev Kernel Device Manager...
[[0;32m  OK  [0m] Started Flush Journal to Persistent Storage.
[[0;32m  OK  [0m] Started Monitoring of LVM2 mirrors,...ng dmeventd or progress polling.
[[0;32m  OK  [0m] Started udev Kernel Device Manager.
[[0;32m  OK  [0m] Reached target Local File Systems (Pre).
[[0;32m  OK  [0m] Reached target Local File Systems.
         Starting LSB: AppArmor initialization...
         Starting Set console font and keymap...
         Starting Commit a transient machine-id on disk...
         Starting Create Volatile Files and Directories...
         Starting Tell Plymouth To Write Out Runtime Data...
[[0;32m  OK  [0m] Started Commit a transient machine-id on disk.
[[0;32m  OK  [0m] Started Tell Plymouth To Write Out Runtime Data.
[[0;32m  OK  [0m] Started Create Volatile Files and Directories.
         Starting Update UTMP about System Boot/Shutdown...
[[0;32m  OK  [0m] Reached target System Time Synchronized.
[[0;32m  OK  [0m] Started Update UTMP about System Boot/Shutdown.
[[0;32m  OK  [0m] Started udev Coldplug all Devices.
[[0;32m  OK  [0m] Started Dispatch Password Requests to Console Directory Watch.
[[0;32m  OK  [0m] Started Set console font and keymap.
[[0;32m  OK  [0m] Created slice system-getty.slice.
[[0;32m  OK  [0m] Found device /dev/ttyS0.
[[0;32m  OK  [0m] Started LSB: AppArmor initialization.
[   43.040615] cloud-init[447]: Cloud-init v. 17.1 running 'init-local' at Sun, 18 Feb 2018 05:42:44 +0000. Up 37.51 seconds.
[[0;32m  OK  [0m] Started Initial cloud-init job (pre-networking).
[[0;32m  OK  [0m] Reached target Network (Pre).
         Starting Raise network interfaces...
[[0;32m  OK  [0m] Listening on Load/Save RF Kill Switch Status /dev/rfkill Watch.
[ [0;31m*[0;1;31m*[0m[0;31m*  [0m] A start job is running for Raise network interfaces (25s / 5min 24s)[K[  [0;31m*[0;1;31m*[0m[0;31m* [0m] A start job is running for Raise network interfaces (26s / 5min 24s)[K[   [0;31m*[0;1;31m*[0m[0;31m*[0m] A start job is running for Raise network interfaces (26s / 5min 24s)[K[    [0;31m*[0;1;31m*[0m] A start job is running for Raise network interfaces (27s / 5min 24s)[K[     [0;31m*[0m] A start job is running for Raise network interfaces (28s / 5min 24s)[K[    [0;31m*[0;1;31m*[0m] A start job is running for Raise network interfaces (28s / 5min 24s)[K[[0;32m  OK  [0m] Started Raise network interfaces.
[[0;32m  OK  [0m] Reached target Network.
         Starting Initial cloud-init job (metadata service crawler)...
[   62.084010] cloud-init[957]: Cloud-init v. 17.1 running 'init' at Sun, 18 Feb 2018 05:43:01 +0000. Up 54.79 seconds.
[   62.273746] cloud-init[957]: ci-info: +++++++++++++++++++++++++++++++++++++Net device info++++++++++++++++++++++++++++++++++++++
[[0;32m  OK  [0m[   62.566487] cloud-init[957]: ci-info: +--------+------+----------------------------+---------------+-------+-------------------+
[   62.569259] cloud-init[957]: ci-info: | Device |  Up  |          Address           |      Mask     | Scope |     Hw-Address    |
[   62.571328] cloud-init[957]: ci-info: +--------+------+----------------------------+---------------+-------+-------------------+
] Started Initial cloud-init job (metadata service crawler).
[   62.573414] cloud-init[957]: ci-info: | enp0s3 | True |         10.0.2.15          | 255.255.255.0 |   .   | 02:66:2d:c5:e5:fb |
[   63.319968] [cloud-init[0;32m  OK  [0m[957]: ] ci-info: | enp0s3 | True | fe80::66:2dff:fec5:e5fb/64 |       .       |  link | 02:66:2d:c5:e5:fb |Reached target System Initialization.

[   63.322203] cloud-init[957]: ci-info: |   lo   | True |         127.0.0.1          |   255.0.0.0   |   .   |         .         |
[   63.679545]          cloud-initStarting Socket activation for snappy daemon.[957]: 
ci-info: |   lo   | True |          ::1/128           |       .       |  host |         .         |
[[0;32m  OK  [0m] Started Daily apt download activities.
[[0;32m  OK  [0m] Started Daily apt upgrade and clean activities.
[[0;32m  OK  [0m] Listening on D-Bus System Message Bus Socket.
[[0;32m  OK  [0m] Listening on ACPID Listen Socket.
[[0;32m  OK  [0m] Started Timer to automatically refresh installed snaps.
[[0;32m  OK  [0m] Started Daily Cleanup of Temporary Directories.
[[0;32m  OK  [0m] Reached target Timers.
[   63.753554] cloud-init[957]: ci-info: +--------+------+----------------------------+---------------+-------+-------------------+
[   63.838714] cloud-init[957]: ci-info: +++++++++++++++++++++++++++Route IPv4 info++++++++++++++++++++++++++++
[[0;32m  OK  [0m] Started ACPI Events Check.
[[0;32m  OK  [0m] Reached target Paths.
[   63.932858] cloud-init[957]: ci-info: +-------+-------------+----------+---------------+-----------+-------+
[[0;32m  OK  [0m] Listening on UUID daemon activation socket.
[   63.964036] cloud-init[957]: ci-info: | Route | Destination | Gateway  |    Genmask    | Interface | Flags |
[   64.005272] cloud-init[957]: ci-info: +-------+-------------+----------+---------------+-----------+-------+
[   64.031342] cloud-init[957]: ci-info: |   0   |   0.0.0.0   | 10.0.2.2 |    0.0.0.0    |   enp0s3  |   UG  |
[   64.058098] cloud-init[957]: ci-info: |   1   |   10.0.2.0  | 0.0.0.0  | 255.255.255.0 |   enp0s3  |   U   |
[   64.070692] cloud-init[957]: ci-info: +-------+-------------+----------+---------------+-----------+-------+
[   64.093615] cloud-init[957]: Generating public/private rsa key pair.
         [   64.111388] Starting LXD - unix socket.cloud-init[957]: 
[[0;32m  OK  [0mYour identification has been saved in /etc/ssh/ssh_host_rsa_key.
[   64.141201] cloud-init[957]: Your public key has been saved in /etc/ssh/ssh_host_rsa_key.pub.
[   64.151401] cloud-init[957]: The key fingerprint is:
[   64.163912] cloud-init[957]: SHA256:f/E72fUAqam17EVZ5yVj/XHUkL8DUPFe6qpY6k8X8gQ root@ubuntu-xenial
[   64.170088] cloud-init[957]: The key's randomart image is:
[   64.181726] cloud-init[957]: +---[RSA 2048]----+
[   64.202383] cloud-init[957]: |            .oooo|
[   64.212332] cloud-init[957]: |           .  oo.|
[   64.223740] cloud-init[957]: |          E ..=+*|
[   64.226797] cloud-init[957]: |           .o=.*B|
[   64.230081] cloud-init[957]: |        S .o*.o.+|
] Reached target Network is Online.
[   64.255034] cloud-init[957]: |         .+= =.o.|
[   64.283091] cloud-init[957]: |         ++.= o++|
[   64.292355] cloud-init[957]: |        .=o+ .o.o|
[   64.307312] cloud-init[957]: |       .+o+.. .. |
         Starting iSCSI initiator daemon (iscsid)...
[[0;32m  OK  [0m] Reached target Cloud-config availability.
[[0;32m  OK  [0m] Listening on Socket activation for snappy daemon.
[[0;32m  OK  [0m] Listening on LXD - unix socket.
[[0;32m  OK  [0m] Reached target Sockets.
[[0;32m  OK  [0m] Reached target Basic System.
[   64.357486] cloud-init[957]: +----[SHA256]-----+
[   64.437150] cloud-init[957]: Generating public/private dsa key pair.
[   64.443459] cloud-init[957]: Your identification has been saved in /etc/ssh/ssh_host_dsa_key.
[   64.453360] cloud-init[957]: Your public key has been saved in /etc/ssh/ssh_host_dsa_key.pub.
[   64.508742] cloud-init[957]: The key fingerprint is:
[   64.546387] cloud-init[957]: SHA256:bKbtI30B0nwqlYZ6ZxlLe1K9n4zAh8/UnqiwinKfe0E root@ubuntu-xenial
[   64.565282] cloud-init[957]: The key's randomart image is:
[   64.565963] cloud-init[957]: +---[DSA 1024]----+
[[0;32m  OK  [0m] Started Regular background program processing daemon.[   64.624211] cloud-init[957]: |                 |
[   64.625074] cloud-init[957]: |                 |
[   64.625703] cloud-init[957]: |       + . .     |
[   64.626437] cloud-init[957]: |      o.E o .    |
[   64.627236] cloud-init[957]: |     . *S@ . o   |
[   64.627977] cloud-init[957]: |    . o=X * + .  |
[   64.631420] cloud-init[957]: |     ..=o+ B * o |
[   64.632242] cloud-init[957]: |  . ...o+o. = *  |
[   64.632909] cloud-init[957]: |   o..==oo..     |
[   64.633523] cloud-init[957]: +----[SHA256]-----+
[   64.645092] cloud-init[957]: Generating public/private ecdsa key pair.
[   64.651533] cloud-init[957]: Your identification has been saved in /etc/ssh/ssh_host_ecdsa_key.
[   64.652449] cloud-init[957]: Your public key has been saved in /etc/ssh/ssh_host_ecdsa_key.pub.
[   64.653222] cloud-init[957]: The key fingerprint is:
[   64.659295] cloud-init[957]: SHA256:1n8rTdh+S/h/byqQuLI5vJ73n5IgGaRfsmnPf8JUals root@ubuntu-xenial
[   64.660647] cloud-init[957]: The key's randomart image is:
[   64.661544] cloud-init[957]: +---[ECDSA 256]---+
[   64.662300] cloud-init[957]: |                 |
[   64.664316] cloud-init[957]: |      .          |
[   64.671349] cloud-init[957]: |     o           |
[   64.672091] cloud-init[957]: |    . o ..  .    |
[   64.673116] cloud-init[957]: |     . BS..+ o   |
[   64.673751] cloud-init[957]: |      B.o *.E +  |
[   64.675758] cloud-init[957]: |     o + * =.=.. |
[   64.683268] cloud-init[957]: |      +o= * +o=.+|
[   64.683906] cloud-init[957]: |     .** oo=ooo*B|
[   64.686584] cloud-init[957]: +----[SHA256]-----+
[   64.696023] cloud-init[957]: Generating public/private ed25519 key pair.
[   64.706349] cloud-init[957]: Your identification has been saved in /etc/ssh/ssh_host_ed25519_key.
[   64.714409] cloud-init[957]: Your public key has been saved in /etc/ssh/ssh_host_ed25519_key.pub.
[   64.716419] cloud-init[957]: The key fingerprint is:
[   64.720420] cloud-init[957]: SHA256:DnJvlzSS6ZspJOucJ+k5dsbdQyyk9NIU7RgfTKepL0c root@ubuntu-xenial
[   64.727036] cloud-init[957]: The key's randomart image is:
[   64.730417] cloud-init[957]: +--[ED25519 256]--+
[   64.732024] cloud-init[957]: |         +. .    |
[   64.737163] cloud-init[957]: |        o ++     |
[   64.740490] cloud-init[957]: |         *o.     |
[   64.742223] cloud-init[957]: |      . ++o      |

[   64.747344] cloud-init[957]: |    ..o*S.E      |
[   64.826217] cloud-init[957]: |    .o+=+=oo     |
[   64.838298] cloud-init[957]: |     * o*+=      |
[   64.841698] cloud-init[957]: |   .*o*..Bo      |
[   64.861205] cloud-init[957]: |   +** .+  .     |
[   64.869377] cloud-init[957]: +----[SHA256]-----+
         Starting Apply the settings specified in cloud-config...
         Starting Login Service...
[[0;32m  OK  [0m] Started Deferred execution scheduler.
         Starting /etc/rc.local Compatibility...
         Starting LXD - container startup/shutdown...
[[0;32m  OK  [0m] Started D-Bus System Message Bus.
         Starting Snappy daemon...
         Starting System Logging Service...
[[0;32m  OK  [0m] Started FUSE filesystem for LXC.
         Starting LSB: MD monitoring daemon...
         Starting Pollinate to seed the pseudo random number generator...
[[0;32m  OK  [0m] Started ACPI event daemon.
         Starting LSB: Record successful boot for GRUB...
         Starting Accounts Service...
[[0;32m  OK  [0m] Started Unattended Upgrades Shutdown.
[[0;32m  OK  [0m] Started System Logging Service.
[[0;32m  OK  [0m] Started /etc/rc.local Compatibility.
[[0;32m  OK  [0m] Started LXD - container startup/shutdown.
[[0;32m  OK  [0m] Started Login Service.
[[0;32m  OK  [0m] Started iSCSI initiator daemon (iscsid).
         Starting Login to default iSCSI targets...
         Starting Authenticate and Authorize Users to Run Privileged Tasks...
[[0;32m  OK  [0m] Started LSB: MD monitoring daemon.
[[0;32m  OK  [0m] Started Login to default iSCSI targets.
[[0;32m  OK  [0m] Started LSB: Record successful boot for GRUB.
[[0;32m  OK  [0m] Reached target Remote File Systems (Pre).
[[0;32m  OK  [0m] Reached target Remote File Systems.
         Starting LSB: Set the CPU Frequency Scaling governor to "ondemand"...
         Starting LSB: daemon to balance interrupts for SMP systems...
         Starting LSB: VirtualBox Linux Additions...
         Starting LSB: automatic crash report generation...
         Starting Permit User Sessions...
[[0;32m  OK  [0m] Started Permit User Sessions.
[[0;32m  OK  [0m] Started Snappy daemon.
         Starting Hold until boot process finishes up...
         Starting Terminate Plymouth Boot Screen...
[[0;32m  OK  [0m] Started Hold until boot process finishes up.
[[0;32m  OK  [0m] Started Terminate Plymouth Boot Screen.
[[0;32m  OK  [0m] Started Authenticate and Authorize Users to Run Privileged Tasks.
[[0;32m  OK  [0m] Started Accounts Service.
         Starting Set console scheme...
[[0;32m  OK  [0m] Started Getty on tty1.
[[0;32m  OK  [0m] Started Serial Getty on ttyS0.
[[0;32m  OK  [0m] Reached target Login Prompts.
[[0;32m  OK  [0m] Started LSB: Set the CPU Frequency Scaling governor to "ondemand".
[[0;32m  OK  [0m] Started Set console scheme.
[[0;32m  OK  [0m] Started LSB: daemon to balance interrupts for SMP systems.
[[0;32m  OK  [0m] Started LSB: automatic crash report generation.
[[0;32m  OK  [0m] Started LSB: VirtualBox Linux Additions.
[   76.877373] cloud-init[1052]: Generating locales (this might take a while)...

Ubuntu 16.04.3 LTS ubuntu-xenial ttyS0

ubuntu-xenial login: [   82.088912] cloud-init[1052]:   en_US.UTF-8... done
[   82.091119] cloud-init[1052]: Generation complete.
[   86.996299] cloud-init[1052]: Cloud-init v. 17.1 running 'modules:config' at Sun, 18 Feb 2018 05:43:15 +0000. Up 68.59 seconds.
ci-info: no authorized ssh keys fingerprints found for user ubuntu.
<14>Feb 18 05:43:38 ec2: 
<14>Feb 18 05:43:38 ec2: #############################################################
<14>Feb 18 05:43:38 ec2: -----BEGIN SSH HOST KEY FINGERPRINTS-----
<14>Feb 18 05:43:38 ec2: 1024 SHA256:bKbtI30B0nwqlYZ6ZxlLe1K9n4zAh8/UnqiwinKfe0E root@ubuntu-xenial (DSA)
<14>Feb 18 05:43:38 ec2: 256 SHA256:1n8rTdh+S/h/byqQuLI5vJ73n5IgGaRfsmnPf8JUals root@ubuntu-xenial (ECDSA)
<14>Feb 18 05:43:38 ec2: 256 SHA256:DnJvlzSS6ZspJOucJ+k5dsbdQyyk9NIU7RgfTKepL0c root@ubuntu-xenial (ED25519)
<14>Feb 18 05:43:38 ec2: 2048 SHA256:f/E72fUAqam17EVZ5yVj/XHUkL8DUPFe6qpY6k8X8gQ root@ubuntu-xenial (RSA)
<14>Feb 18 05:43:38 ec2: -----END SSH HOST KEY FINGERPRINTS-----
<14>Feb 18 05:43:38 ec2: #############################################################
-----BEGIN SSH HOST KEY KEYS-----
ecdsa-sha2-nistp256 AAAAE2VjZHNhLXNoYTItbmlzdHAyNTYAAAAIbmlzdHAyNTYAAABBBGVdpRImN+k6K+WiUOnrULcGnjDK8YyJm4OQhFwxZ1GW8d1tdQuJAl1vfi6TmRmlEteFeBnk21GPLkgoV06u4Hc= root@ubuntu-xenial
ssh-ed25519 AAAAC3NzaC1lZDI1NTE5AAAAIMTN+A8m3fTuR6faTfCcmvgkdgdZw/viI3QkQus/U3vj root@ubuntu-xenial
ssh-rsa AAAAB3NzaC1yc2EAAAADAQABAAABAQC6nZP8ybXxZAcwBlXcQ6mrYmGP+jJgUSCT8LbWWMHbTGuKT7Zo6GAA5OailI9yszmCbp4uYHU3VqbICbGPHHquj8QCbfEZM+0wLoBZBFMtpFJ+vDYqs/FM+IaMsCduIygp5jW5LUVMsTFdcOGPZVcjxLH/T8wXKJIZckhIgmf2P4SQviyc4lZUl2AIpossTn27ZRba1ZiQutbZDj7wxdyFr4KB85xRXGust7UYYtNe4Bqcl8SnBhlsEfgpPjeJnsiaEt6/QzuvMuHypSfj2Kn+As1tCBLkNpQtc2WFH9mf/R433bQF/sMeTyMHTyfO3uFpJzk1PeXoBiJrWP3FRcRf root@ubuntu-xenial
-----END SSH HOST KEY KEYS-----
[   92.171099] cloud-init[1360]: Cloud-init v. 17.1 running 'modules:final' at Sun, 18 Feb 2018 05:43:36 +0000. Up 89.25 seconds.
[   92.173582] cloud-init[1360]: ci-info: no authorized ssh keys fingerprints found for user ubuntu.
[   92.175568] cloud-init[1360]: Cloud-init v. 17.1 finished at Sun, 18 Feb 2018 05:43:39 +0000. Datasource DataSourceNoCloud [seed=/dev/sdb][dsmode=net].  Up 92.05 seconds
